// Jest Snapshot v1, https://goo.gl/fbAQLP

exports[`should match snapshot 1`] = `
.emotion-0 {
  background-size: cover;
  background-position: center;
  width: 100%;
  height: 0;
  padding-top: 66.6%;
}

.emotion-1 {
  border-radius: 2px;
  position: relative;
  overflow: hidden;
  box-shadow: 2px 2px 4px 0 rgba(0,0,0,.08);
}

<a
  className="emotion-1 emotion-2"
  href="movies/oscars"
  style={Object {}}
  target="_blank"
>
  <div
    className="emotion-0"
    style={
      Object {
        "backgroundImage": "url(https://images-eu.ssl-images-amazon.com/images/G/31/img18/movies/1103933_750x600_gps_cn_qifq.jpg)",
        "paddingTop": "80%",
      }
    }
  />
</a>
`;
